2022-06-23 02:56:22,829 - INFO - El directorio cines ya existe
2022-06-23 02:56:22,830 - INFO - La ruta cines\2022-junio             ya existe
2022-06-23 02:56:22,831 - INFO - El subdirectorio cines-23-6-2022 ya existe
2022-06-23 02:56:23,048 - INFO - El archivo cine.csv se sobreescribió
2022-06-23 02:56:23,642 - INFO - El directorio museos ya existe
2022-06-23 02:56:23,646 - INFO - La ruta museos\2022-junio             ya existe
2022-06-23 02:56:23,647 - INFO - El subdirectorio museos-23-6-2022 ya existe
2022-06-23 02:56:23,956 - INFO - El archivo museos_datosabiertos.csv se sobreescribió
2022-06-23 02:56:24,592 - INFO - El directorio bibliotecas ya existe
2022-06-23 02:56:24,593 - INFO - La ruta bibliotecas\2022-junio             ya existe
2022-06-23 02:56:24,600 - INFO - El subdirectorio bibliotecas-23-6-2022 ya existe
2022-06-23 02:56:24,955 - INFO - El archivo biblioteca_popular.csv se sobreescribió
2022-06-23 02:56:25,467 - INFO - Creada tabla datos.sql
2022-06-23 02:56:25,468 - INFO - Creada tabla cines.sql
2022-06-23 02:56:25,469 - INFO - Creada tabla registros.sql
2022-06-23 03:01:58,982 - INFO - El directorio cines ya existe
2022-06-23 03:01:58,983 - INFO - La ruta cines\2022-junio             ya existe
2022-06-23 03:01:58,984 - INFO - El subdirectorio cines-23-6-2022 ya existe
2022-06-23 03:01:59,202 - INFO - El archivo cine.csv se sobreescribió
2022-06-23 03:01:59,809 - INFO - El directorio museos ya existe
2022-06-23 03:01:59,811 - INFO - La ruta museos\2022-junio             ya existe
2022-06-23 03:01:59,815 - INFO - El subdirectorio museos-23-6-2022 ya existe
2022-06-23 03:02:00,130 - INFO - El archivo museos_datosabiertos.csv se sobreescribió
2022-06-23 03:02:00,780 - INFO - El directorio bibliotecas ya existe
2022-06-23 03:02:00,780 - INFO - La ruta bibliotecas\2022-junio             ya existe
2022-06-23 03:02:00,782 - INFO - El subdirectorio bibliotecas-23-6-2022 ya existe
2022-06-23 03:02:01,152 - INFO - El archivo biblioteca_popular.csv se sobreescribió
2022-06-23 03:02:01,553 - INFO - Conectado a la base de datos
2022-06-23 03:02:01,556 - INFO - Creada tabla datos.sql
2022-06-23 03:02:01,557 - INFO - Creada tabla cines.sql
2022-06-23 03:02:01,558 - INFO - Creada tabla registros.sql
